    Checking cfg-if v1.0.4
    Checking bitflags v2.13.1
    Checking once_cell v1.21.4
    Checking log v0.4.33
    Checking linux-raw-sys v0.12.1
    Checking pin-project-lite v0.2.17
    Checking smallvec v1.15.2
    Checking libc v0.2.189
    Checking serde_core v1.0.229
    Checking downcast-rs v1.2.1
    Checking scoped-tls v1.0.1
    Checking bytemuck v1.25.2
    Checking parking v2.2.1
    Checking libm v0.2.16
    Checking simd-adler32 v0.3.10
    Checking slab v0.4.12
    Checking libloading v0.8.9
    Checking winnow v1.0.4
    Checking fastrand v2.5.0
    Checking adler2 v2.0.1
    Checking futures-core v0.3.34
    Checking crc32fast v1.5.0
    Checking memchr v2.8.3
    Checking dlib v0.5.3
    Checking tracing-core v0.1.36
    Checking slotmap v1.1.1
    Checking crossbeam-utils v0.8.22
    Checking hashbrown v0.17.1
    Checking miniz_oxide v0.8.9
    Checking fdeflate v0.3.7
    Checking wayland-sys v0.31.11
    Checking linux-raw-sys v0.4.15
    Checking futures-io v0.3.34
    Checking font-types v0.11.3
    Checking font-types v0.12.4
    Checking equivalent v1.0.2
    Checking concurrent-queue v2.5.0
    Checking event-listener v5.4.2
    Checking roxmltree v0.20.0
    Checking tracing v0.1.44
    Checking tinyvec_macros v0.1.1
    Checking rustix v0.38.44
    Checking flate2 v1.1.9
    Checking unicode-ident v1.0.24
    Checking num-traits v0.2.19
    Checking tinyvec v1.12.0
    Checking read-fonts v0.41.0
    Checking zerocopy v0.8.56
    Checking event-listener-strategy v0.5.4
    Checking proc-macro2 v1.0.107
    Checking indexmap v2.14.0
    Checking futures-lite v2.6.1
    Checking toml_writer v1.1.2+spec-1.1.0
    Checking memmap2 v0.9.11
    Checking errno v0.3.14
    Checking getrandom v0.3.4
    Checking bitflags v1.3.2
    Checking strict-num v0.1.1
    Checking yazi v0.2.1
    Checking fontconfig-parser v0.5.8
    Checking winnow v0.7.15
    Checking zeno v0.3.3
    Checking arrayref v0.3.9
    Checking core_maths v0.1.1
    Checking typenum v1.20.1
    Checking read-fonts v0.37.0
    Checking toml_parser v1.1.3+spec-1.1.0
    Checking ttf-parser v0.25.1
    Checking quote v1.0.47
    Checking tiny-skia-path v0.11.4
    Checking png v0.17.16
    Checking thiserror v1.0.69
    Checking rustix v1.1.4
    Checking arrayvec v0.7.8
    Checking rustc-hash v2.1.3
    Checking unicode-script v0.5.8
    Checking sys-locale v0.3.2
    Checking unicode-linebreak v0.1.5
    Checking smol_str v0.3.6
    Checking unicode-bidi v0.3.18
    Checking rangemap v1.8.0
    Checking unicode-segmentation v1.13.3
    Checking xkeysym v0.2.1
    Checking generic-array v0.14.7
    Checking linebender_resource_handle v0.1.1
    Checking linux-raw-sys v0.9.4
    Checking self_cell v1.3.0
    Checking syn v3.0.3
    Checking serde v1.0.229
    Checking serde_spanned v1.1.1
    Checking toml_datetime v0.7.5+spec-1.1.0
    Checking signal-hook-registry v1.4.8
    Checking aho-corasick v1.1.5
    Checking tiny-skia v0.11.4
    Checking xcursor v0.3.11
    Checking drm-sys v0.8.1
    Checking cursor-icon v1.2.0
    Checking async-task v4.7.1
    Checking wm-theme-api v0.4.4 (/home/chrisk/src/chonkstep/crates/wm-theme-api)
    Checking as-raw-xcb-connection v1.0.1
    Checking x11rb-protocol v0.13.2
    Checking regex-syntax v0.8.11
    Checking enumflags2 v0.7.12
    Checking toml v0.9.12+spec-1.1.0
    Checking zcheapstr v1.1.0
    Checking crypto-common v0.1.7
    Checking wm-core v0.4.4 (/home/chrisk/src/chonkstep/crates/wm-core)
    Checking block-buffer v0.10.4
    Checking libudev-sys v0.1.4
    Checking io-lifetimes v1.0.11
    Checking getrandom v0.4.3
    Checking drm-fourcc v2.2.0
    Checking zmij v1.0.23
    Checking rand_core v0.9.5
    Checking async-channel v2.5.0
    Checking endi v1.1.1
    Checking color_quant v1.1.0
    Checking quick-error v2.0.1
    Checking pxfm v0.1.30
    Checking zune-core v0.5.3
    Checking weezl v0.1.12
    Checking byteorder-lite v0.1.0
    Checking fontdb v0.23.0
    Checking atomic-waker v1.1.2
    Checking itoa v1.0.18
    Checking piper v0.2.5
    Checking gif v0.14.2
    Checking image-webp v0.2.4
    Checking zune-jpeg v0.5.15
    Checking serde_json v1.0.151
    Checking thiserror v2.0.20
    Checking udev v0.9.3
    Checking digest v0.10.7
    Checking libseat-sys v0.2.0
    Checking x11-dl v2.21.0
    Checking gbm-sys v0.4.0
    Checking input-sys v1.19.0
    Checking xkbcommon-dl v0.4.2
    Checking approx v0.4.0
    Checking ppv-lite86 v0.2.21
    Checking ahash v0.8.12
    Checking png v0.18.1
    Checking chonk-dock-proto v0.4.4 (/home/chrisk/src/chonkstep/crates/chonk-dock-proto)
    Checking async-lock v3.4.2
    Checking raw-window-handle v0.6.2
    Checking regex-automata v0.4.18
    Checking rand_chacha v0.9.0
   Compiling chonk-build-info v0.4.4 (/home/chrisk/src/chonkstep/crates/chonk-build-info)
    Checking smol_str v0.2.2
    Checking percent-encoding v2.3.2
    Checking dpi v0.1.2
    Checking cpufeatures v0.2.17
    Checking rand v0.9.5
    Checking profiling v1.0.18
    Checking cgmath v0.18.0
    Checking input v0.9.1
    Checking libseat v0.2.4
    Checking sha2 v0.10.9
    Checking object v0.37.3
    Checking blocking v1.7.0
    Checking async-executor v1.14.0
    Checking xkbcommon v0.8.0
    Checking uuid v1.26.0
    Checking async-broadcast v0.7.2
    Checking ordered-stream v0.2.0
    Checking zvariant_utils v4.2.0
    Checking encoding_rs v0.8.35
    Checking scopeguard v1.2.0
    Checking atomic_float v1.1.0
    Checking appendlist v1.4.0
    Checking aliasable v0.1.3
    Checking hex v0.4.3
    Checking signal-hook v0.4.4
    Checking chonk-hyprland-ipc v0.4.4 (/home/chrisk/src/chonkstep/crates/chonk-hyprland-ipc)
    Checking wayland-backend v0.3.17
    Checking polling v3.11.0
    Checking gethostname v1.1.0
    Checking drm-ffi v0.9.1
    Checking tempfile v3.27.0
    Checking calloop v0.13.0
    Checking async-io v2.6.0
    Checking zvariant v5.15.0
    Checking calloop v0.14.4
    Checking drm v0.14.1
    Checking moxcms v0.8.1
    Checking async-signal v0.2.14
    Checking async-process v2.5.0
    Checking regex v1.13.1
    Checking wayland-client v0.31.15
    Checking wayland-server v0.31.14
    Checking wayland-csd-frame v0.3.0
    Checking wayland-egl v0.32.11
    Checking gbm v0.18.0
    Checking wm-config v0.4.4 (/home/chrisk/src/chonkstep/crates/wm-config)
    Checking skrifa v0.40.0
    Checking harfrust v0.5.2
    Checking skrifa v0.44.0
    Checking wayland-protocols v0.32.13
    Checking wayland-cursor v0.31.14
    Checking calloop-wayland-source v0.3.0
    Checking zbus_names v4.3.4
    Checking zbus v5.19.0
    Checking image v0.25.10
    Checking swash v0.2.10
    Checking cosmic-text v0.19.0
    Checking wm-theme v0.4.4 (/home/chrisk/src/chonkstep/crates/wm-theme)
    Checking x11rb v0.13.2
    Checking chonk-dock-widget v0.4.4 (/home/chrisk/src/chonkstep/crates/chonk-dock-widget)
    Checking chonk-instruments v0.4.4 (/home/chrisk/src/chonkstep/crates/chonk-instruments)
    Checking chonk-shell v0.4.4 (/home/chrisk/src/chonkstep/crates/chonk-shell)
    Checking chonk-xsettings v0.4.4 (/home/chrisk/src/chonkstep/crates/chonk-xsettings)
    Checking wayland-protocols-wlr v0.3.12
    Checking wayland-protocols-plasma v0.3.12
    Checking wayland-protocols-misc v0.3.12
    Checking smithay-client-toolkit v0.19.2
    Checking winit v0.30.13
    Checking smithay v0.7.0 (/home/chrisk/src/chonkstep/vendor/smithay-0.7.0)
    Checking wm-wayland v0.4.4 (/home/chrisk/src/chonkstep/crates/wm-wayland)
    Finished `release` profile [optimized + debuginfo] target(s) in 30.43s
