   Compiling proc-macro2 v1.0.107
   Compiling quote v1.0.47
   Compiling unicode-ident v1.0.24
   Compiling cfg-if v1.0.4
   Compiling bitflags v2.13.1
   Compiling libc v0.2.189
   Compiling once_cell v1.21.4
   Compiling log v0.4.33
   Compiling pkg-config v0.3.34
   Compiling rustix v1.1.4
   Compiling linux-raw-sys v0.12.1
   Compiling syn v3.0.3
   Compiling syn v2.0.119
   Compiling pin-project-lite v0.2.17
   Compiling serde v1.0.229
   Compiling version_check v0.9.5
   Compiling serde_core v1.0.229
   Compiling smallvec v1.15.2
   Compiling libloading v0.8.9
   Compiling shlex v2.0.1
   Compiling find-msvc-tools v0.1.11
   Compiling cc v1.4.4
   Compiling dlib v0.5.3
   Compiling wayland-sys v0.31.11
   Compiling tracing-core v0.1.36
   Compiling serde_derive v1.0.229
   Compiling bytemuck_derive v1.12.0
   Compiling wayland-backend v0.3.17
   Compiling autocfg v1.5.1
   Compiling tracing-attributes v0.1.31
   Compiling downcast-rs v1.2.1
   Compiling scoped-tls v1.0.1
   Compiling bytemuck v1.25.2
   Compiling memchr v2.8.3
   Compiling libm v0.2.16
   Compiling quick-xml v0.41.0
   Compiling tracing v0.1.44
   Compiling parking v2.2.1
   Compiling wayland-scanner v0.31.11
   Compiling wayland-client v0.31.15
   Compiling slab v0.4.12
   Compiling simd-adler32 v0.3.10
   Compiling fastrand v2.5.0
   Compiling winnow v1.0.4
   Compiling crc32fast v1.5.0
   Compiling core_maths v0.1.1
   Compiling polling v3.11.0
   Compiling slotmap v1.1.1
   Compiling memmap2 v0.9.11
   Compiling equivalent v1.0.2
   Compiling hashbrown v0.17.1
   Compiling crossbeam-utils v0.8.22
   Compiling adler2 v2.0.1
   Compiling futures-core v0.3.34
   Compiling miniz_oxide v0.8.9
   Compiling indexmap v2.14.0
   Compiling toml_parser v1.1.3+spec-1.1.0
   Compiling rustix v0.38.44
   Compiling toml_datetime v1.1.1+spec-1.1.0
   Compiling flate2 v1.1.9
   Compiling toml_edit v0.25.13+spec-1.1.0
   Compiling fdeflate v0.3.7
   Compiling font-types v0.11.3
   Compiling font-types v0.12.4
   Compiling num-traits v0.2.19
   Compiling enumflags2_derive v0.7.12
   Compiling futures-io v0.3.34
   Compiling getrandom v0.3.4
   Compiling linux-raw-sys v0.4.15
   Compiling zerocopy v0.8.56
   Compiling read-fonts v0.41.0
   Compiling read-fonts v0.37.0
   Compiling concurrent-queue v2.5.0
   Compiling proc-macro-crate v3.5.0
   Compiling zvariant_utils v4.2.0
   Compiling wayland-server v0.31.14
   Compiling event-listener v5.4.2
   Compiling generic-array v0.14.7
   Compiling errno v0.3.14
   Compiling thiserror v1.0.69
   Compiling tinyvec_macros v0.1.1
   Compiling roxmltree v0.20.0
   Compiling skrifa v0.44.0
   Compiling fontconfig-parser v0.5.8
   Compiling tinyvec v1.12.0
   Compiling event-listener-strategy v0.5.4
   Compiling wayland-protocols v0.32.13
   Compiling zvariant_derive v5.15.0
   Compiling futures-lite v2.6.1
   Compiling ttf-parser v0.25.1
   Compiling aho-corasick v1.1.5
   Compiling wm-theme-api v0.4.4 (/home/chrisk/.cache/chonk-gpu-bench/source/final/crates/wm-theme-api)
   Compiling thiserror-impl v1.0.69
   Compiling serde_spanned v1.1.1
   Compiling toml_datetime v0.7.5+spec-1.1.0
   Compiling typenum v1.20.1
   Compiling arrayref v0.3.9
   Compiling drm-sys v0.8.1
   Compiling winnow v0.7.15
   Compiling yazi v0.2.1
   Compiling regex-syntax v0.8.11
   Compiling strict-num v0.1.1
   Compiling bitflags v1.3.2
   Compiling toml_writer v1.1.2+spec-1.1.0
   Compiling zeno v0.3.3
   Compiling khronos_api v3.1.0
   Compiling swash v0.2.10
   Compiling regex-automata v0.4.18
   Compiling toml v0.9.12+spec-1.1.0
   Compiling png v0.17.16
   Compiling tiny-skia-path v0.11.4
   Compiling fontdb v0.23.0
   Compiling skrifa v0.40.0
   Compiling harfrust v0.5.2
   Compiling async-io v2.6.0
   Compiling libudev-sys v0.1.4
   Compiling sys-locale v0.3.2
   Compiling zmij v1.0.23
   Compiling xkeysym v0.2.1
   Compiling unicode-bidi v0.3.18
   Compiling unicode-segmentation v1.13.3
   Compiling unicode-linebreak v0.1.5
   Compiling rangemap v1.8.0
   Compiling getrandom v0.4.3
   Compiling drm-fourcc v2.2.0
   Compiling io-lifetimes v1.0.11
   Compiling unicode-script v0.5.8
   Compiling smol_str v0.3.6
   Compiling self_cell v1.3.0
   Compiling rustc-hash v2.1.3
   Compiling linux-raw-sys v0.9.4
   Compiling arrayvec v0.7.8
   Compiling linebender_resource_handle v0.1.1
   Compiling cosmic-text v0.19.0
   Compiling tiny-skia v0.11.4
   Compiling calloop v0.13.0
   Compiling wm-core v0.4.4 (/home/chrisk/.cache/chonk-gpu-bench/source/final/crates/wm-core)
   Compiling signal-hook-registry v1.4.8
   Compiling enumflags2 v0.7.12
   Compiling zcheapstr v1.1.0
   Compiling gethostname v1.1.0
   Compiling ahash v0.8.12
   Compiling x11-dl v2.21.0
   Compiling libseat-sys v0.2.0
   Compiling endi v1.1.1
   Compiling cfg_aliases v0.2.2
   Compiling xcursor v0.3.11
   Compiling async-task v4.7.1
   Compiling smithay-client-toolkit v0.19.2
   Compiling cursor-icon v1.2.0
   Compiling x11rb-protocol v0.13.2
   Compiling serde_json v1.0.151
   Compiling xml-rs v0.8.29
   Compiling input-sys v1.19.0
   Compiling as-raw-xcb-connection v1.0.1
   Compiling thiserror v2.0.20
   Compiling gbm-sys v0.4.0
   Compiling gl_generator v0.14.0
   Compiling wayland-csd-frame v0.3.0
   Compiling wayland-cursor v0.31.14
   Compiling zvariant v5.15.0
   Compiling winit v0.30.13
   Compiling calloop-wayland-source v0.3.0
   Compiling wm-theme v0.4.4 (/home/chrisk/.cache/chonk-gpu-bench/source/final/crates/wm-theme)
   Compiling drm-ffi v0.9.1
   Compiling crypto-common v0.1.7
   Compiling block-buffer v0.10.4
   Compiling ppv-lite86 v0.2.21
   Compiling wayland-protocols-wlr v0.3.12
   Compiling rand_core v0.9.5
   Compiling async-channel v2.5.0
   Compiling thiserror-impl v2.0.20
   Compiling x11rb v0.13.2
   Compiling cgmath v0.18.0
   Compiling atomic-waker v1.1.2
   Compiling pxfm v0.1.30
   Compiling byteorder-lite v0.1.0
   Compiling itoa v1.0.18
   Compiling object v0.37.3
   Compiling libseat v0.2.4
   Compiling weezl v0.1.12
   Compiling zune-core v0.5.3
   Compiling color_quant v1.1.0
   Compiling quick-error v2.0.1
   Compiling image-webp v0.2.4
   Compiling moxcms v0.8.1
   Compiling gif v0.14.2
   Compiling zune-jpeg v0.5.15
   Compiling piper v0.2.5
   Compiling rand_chacha v0.9.0
   Compiling chonk-dock-widget v0.4.4 (/home/chrisk/.cache/chonk-gpu-bench/source/final/crates/chonk-dock-widget)
   Compiling digest v0.10.7
   Compiling drm v0.14.1
   Compiling udev v0.9.3
   Compiling tempfile v3.27.0
   Compiling async-signal v0.2.14
   Compiling zbus_names v4.3.4
   Compiling smithay v0.7.0 (/home/chrisk/.cache/chonk-gpu-bench/source/final/vendor/smithay-0.7.0)
   Compiling xkbcommon-dl v0.4.2
   Compiling regex v1.13.1
   Compiling wayland-protocols-plasma v0.3.12
   Compiling approx v0.4.0
   Compiling async-lock v3.4.2
   Compiling png v0.18.1
   Compiling profiling-procmacros v1.0.18
   Compiling cpufeatures v0.2.17
   Compiling chonk-dock-proto v0.4.4 (/home/chrisk/.cache/chonk-gpu-bench/source/final/crates/chonk-dock-proto)
   Compiling dpi v0.1.2
   Compiling raw-window-handle v0.6.2
   Compiling chonk-build-info v0.4.4 (/home/chrisk/.cache/chonk-gpu-bench/source/final/crates/chonk-build-info)
   Compiling smol_str v0.2.2
   Compiling percent-encoding v2.3.2
   Compiling signal-hook v0.4.4
   Compiling profiling v1.0.18
   Compiling image v0.25.10
   Compiling sha2 v0.10.9
   Compiling async-process v2.5.0
   Compiling wm-config v0.4.4 (/home/chrisk/.cache/chonk-gpu-bench/source/final/crates/wm-config)
   Compiling gbm v0.18.0
   Compiling input v0.9.1
   Compiling zbus_macros v5.19.0
   Compiling chonk-instruments v0.4.4 (/home/chrisk/.cache/chonk-gpu-bench/source/final/crates/chonk-instruments)
   Compiling rand v0.9.5
   Compiling blocking v1.7.0
   Compiling async-executor v1.14.0
   Compiling xkbcommon v0.8.0
   Compiling wayland-protocols-misc v0.3.12
   Compiling async-broadcast v0.7.2
   Compiling ordered-stream v0.2.0
   Compiling calloop v0.14.4
   Compiling wayland-egl v0.32.11
   Compiling async-trait v0.1.92
   Compiling serde_repr v0.1.21
   Compiling async-recursion v1.1.1
   Compiling uuid v1.26.0
   Compiling encoding_rs v0.8.35
   Compiling scopeguard v1.2.0
   Compiling aliasable v0.1.3
   Compiling appendlist v1.4.0
   Compiling hex v0.4.3
   Compiling atomic_float v1.1.0
   Compiling lazy_static v1.5.0
   Compiling zbus v5.19.0
   Compiling sharded-slab v0.1.7
   Compiling chonk-shell v0.4.4 (/home/chrisk/.cache/chonk-gpu-bench/source/final/crates/chonk-shell)
   Compiling chonk-hyprland-ipc v0.4.4 (/home/chrisk/.cache/chonk-gpu-bench/source/final/crates/chonk-hyprland-ipc)
   Compiling chonk-xsettings v0.4.4 (/home/chrisk/.cache/chonk-gpu-bench/source/final/crates/chonk-xsettings)
   Compiling matchers v0.2.0
   Compiling tracing-log v0.2.0
   Compiling thread_local v1.1.10
   Compiling nu-ansi-term v0.50.3
   Compiling tracing-subscriber v0.3.23
   Compiling wm-wayland v0.4.4 (/home/chrisk/.cache/chonk-gpu-bench/source/final/crates/wm-wayland)
   Compiling chonkstep-wayland v0.4.4 (/home/chrisk/.cache/chonk-gpu-bench/source/final/crates/chonkstep-wayland)
    Finished `release` profile [optimized + debuginfo] target(s) in 2m 27s
