   Compiling rustix v1.1.4
   Compiling log v0.4.33
   Compiling syn v3.0.3
   Compiling wayland-sys v0.31.11
   Compiling wayland-backend v0.3.17
   Compiling slotmap v1.1.1
   Compiling wayland-client v0.31.15
   Compiling syn v2.0.119
   Compiling winnow v1.0.4
   Compiling toml_parser v1.1.3+spec-1.1.0
   Compiling fontdb v0.23.0
   Compiling bytemuck_derive v1.12.0
   Compiling bytemuck v1.25.2
   Compiling font-types v0.11.3
   Compiling font-types v0.12.4
   Compiling read-fonts v0.37.0
   Compiling read-fonts v0.41.0
   Compiling serde_derive v1.0.229
   Compiling wayland-protocols v0.32.13
   Compiling serde v1.0.229
   Compiling tracing-attributes v0.1.31
   Compiling skrifa v0.44.0
   Compiling swash v0.2.10
   Compiling harfrust v0.5.2
   Compiling skrifa v0.40.0
   Compiling tiny-skia-path v0.11.4
   Compiling tracing-core v0.1.36
   Compiling cosmic-text v0.19.0
   Compiling tracing v0.1.44
   Compiling toml v0.9.12+spec-1.1.0
   Compiling tiny-skia v0.11.4
   Compiling wm-theme-api v0.4.4 (/home/chrisk/.cache/chonk-gpu-bench/source/final/crates/wm-theme-api)
   Compiling gethostname v1.1.0
   Compiling x11rb-protocol v0.13.2
   Compiling tempfile v3.27.0
   Compiling wm-theme v0.4.4 (/home/chrisk/.cache/chonk-gpu-bench/source/final/crates/wm-theme)
   Compiling wayland-protocols-wlr v0.3.12
   Compiling wayland-protocols-misc v0.3.12
   Compiling wayland-egl v0.32.11
   Compiling x11rb v0.13.2
   Compiling chonk-testkit v0.4.4 (/home/chrisk/.cache/chonk-gpu-bench/source/final/crates/chonk-testkit)
    Finished `release` profile [optimized + debuginfo] target(s) in 22.95s
